// Jest Snapshot v1, https://goo.gl/fbAQLP

exports[`Base card component matches snapshot 1`] = `
<DocumentFragment>
  <div
    class="relative flex flex-col w-full min-w-0 break-words bg-gray-700 border-0 rounded-lg shadow-lg"
  >
    <div
      class="p-6 bg-gray-900 rounded-t"
    >
      <div
        class="flex justify-between text-center"
      >
        <h6
          class="text-xl font-bold text-solana-green"
        >
          Solana Utilities
        </h6>
      </div>
    </div>
     
    <div
      class="mb-6"
    />
  </div>
</DocumentFragment>
`;
